served 1
served 2
served 3
served 4
served 5
served 6
served 7
served 8
served 9
served 10
served 11
served 12
served 13
served 14
served 15
served 16
served 17
served 18
served 19
served 20
served 21
served 22
served 23
served 24
served 25
served 26
served 27
served 28
served 29
served 30
served 31
served 32
served 33
served 34
served 35
served 36
served 37
served 38
served 39
served 40
served 41
served 42
served 43
served 44
served 45
served 46
served 47
served 48
served 49
served 50
served 51
served 52
served 53
served 54
served 55
served 56
served 57
served 58
served 59
served 60
served 61
served 62
served 63
served 64
served 65
served 66
served 67
served 68
served 69
served 70
served 71
served 72
served 73
served 74
served 75
served 76
served 77
served 78
served 79
served 80
served 81
served 82
served 83
served 84
served 85
served 86
served 87
served 88
served 89
served 90
served 91
served 92
served 93
served 94
served 95
served 96
served 97
served 98
served 99
served 100
served 101
